DELETE FROM T WHERE EXISTS (SELECT a FROM F WHERE T.a = T.a)