INSERT INTO T (a, b) VALUES ('v1', 'v2'), ('v3', 'v4')