SELECT a FROM T UNION SELECT b FROM F UNION SELECT c FROM H WHERE c IN ((SELECT c FROM H1) UNION (SELECT c FROM H2))