SELECT a, b, c FROM T1 WHERE a IN (SELECT a FROM T2)