SELECT t.a, f.b FROM T AS t NATURAL LEFT JOIN F AS f NATURAL RIGHT JOIN H AS h NATURAL FULL JOIN K AS k