SELECT t.a, f.b FROM T AS t UNION JOIN F AS f UNION JOIN H AS h