SELECT t.a, f.b FROM T AS t INNER JOIN F AS f ON t.a = f.b AND f.b > 100 INNER JOIN H AS h ON f.c = h.c