SELECT t.a, f.b FROM T AS t INNER JOIN F AS f ON t.a = f.b LEFT JOIN H AS h ON f.c = h.c NATURAL LEFT JOIN G AS g CROSS JOIN I AS i UNION JOIN J AS j NATURAL INNER JOIN K AS k