SELECT a, b, c FROM T WHERE a = 1 AND b = '15-10-2017' OR c IN (1, 2, 3)