SELECT t.a - t.b AS MIN_FUNC, COUNT(t.c) FROM T AS t GROUP BY MIN_FUNC